### BOOTSTRAP CIs (600k) ###
[noise] dropped 423 templated entities, 45,422 edge-instances (9.2%)
training ComplEx + ChronoBERT-2022 + ChronoBERT-2024 ...

=== MRR with 95% bootstrap CI (B=1000), 141,484 test directions ===
method                       MRR all [95% CI]             MRR novel [95% CI]
recurrence                   0.1670 [0.1653,0.1688]   0.0000 [0.0000,0.0000]
ComplEx                      0.0943 [0.0931,0.0956]   0.0284 [0.0276,0.0292]
ChronoBERT-2022              0.0903 [0.0890,0.0915]   0.0389 [0.0380,0.0399]
ChronoBERT-2024              0.0930 [0.0918,0.0941]   0.0406 [0.0397,0.0416]
backoff(rec->ComplEx)        0.1851 [0.1833,0.1869]   0.0284 [0.0275,0.0291]
backoff(rec->ChronoBERT)     0.1919 [0.1901,0.1936]   0.0389 [0.0380,0.0399]

=== key gaps (paired bootstrap; CI excluding 0 = significant) ===
  ChronoBERT-2024 - 2022 (novel)  [lookahead]    +0.0017 [+0.0009,+0.0024]  SIG
  ChronoBERT-2022 - ComplEx (novel) [semantic]   +0.0106 [+0.0096,+0.0115]  SIG
  backoff ChronoBERT - ComplEx (all) [new best]  +0.0068 [+0.0061,+0.0074]  SIG
### RE-GCN SEEDS (600k, apples-to-apples) ###
--- seed 0 ---
RE-GCN                 0.1181         0.2680     0.0338   0.1988
backoff(rec->RE-GCN)   0.1886         0.4640     0.0338   0.3036
--- seed 1 ---
RE-GCN                 0.1199         0.2731     0.0338   0.2026
backoff(rec->RE-GCN)   0.1886         0.4640     0.0338   0.3047
--- seed 2 ---
RE-GCN                 0.1231         0.2791     0.0355   0.2078
backoff(rec->RE-GCN)   0.1897         0.4640     0.0355   0.3071
