streaming https://huggingface.co/datasets/Zihan1004/FNSPID/resolve/main/Stock_news/nasdaq_exteral_data.csv
  1M rows | 64s | kept=201408
  2M rows | 126s | kept=201600
  3M rows | 159s | kept=201600
  4M rows | 163s | kept=201600
  5M rows | 180s | kept=201600
  6M rows | 182s | kept=201600
  7M rows | 184s | kept=201600
  8M rows | 185s | kept=201600
  9M rows | 187s | kept=201600
  10M rows | 188s | kept=201600
  11M rows | 190s | kept=201600
  12M rows | 192s | kept=201600
  13M rows | 193s | kept=201600
  14M rows | 195s | kept=201600
  15M rows | 197s | kept=201600
[warn] stream ended after 15549297 rows: ValueError: I/O operation on closed file.

TOTAL selected: 201600 from 15549297 rows in 3.6 min (seed=42, per_month=2400)
per-month  selected/available:
  2017-01: 2400 / 12347
  2017-02: 2400 / 13461
  2017-03: 2400 / 14273
  2017-04: 2400 / 13118
  2017-05: 2400 / 15118
  2017-06: 2400 / 13840
  2017-07: 2400 / 14533
  2017-08: 2400 / 16274
  2017-09: 2400 / 13805
  2017-10: 2400 / 16949
  2017-11: 2400 / 17083
  2017-12: 2400 / 14222
  2018-01: 2400 / 15580
  2018-02: 2400 / 14224
  2018-03: 2400 / 13524
  2018-04: 2400 / 13932
  2018-05: 2400 / 15673
  2018-06: 2400 / 13982
  2018-07: 2400 / 14031
  2018-08: 2400 / 16040
  2018-09: 2400 / 13335
  2018-10: 2400 / 16871
  2018-11: 2400 / 15145
  2018-12: 2400 / 13593
  2019-01: 2400 / 15677
  2019-02: 2400 / 16984
  2019-03: 2400 / 15922
  2019-04: 2400 / 10986
  2019-05: 2400 / 7410
  2019-06: 2400 / 7392
  2019-07: 2400 / 8259
  2019-08: 2400 / 8769
  2019-09: 2400 / 7914
  2019-10: 2400 / 9418
  2019-11: 2400 / 8991
  2019-12: 2400 / 7787
  2020-01: 2400 / 7327
  2020-02: 2400 / 8611
  2020-03: 2400 / 9782
  2020-04: 2400 / 12207
  2020-05: 2400 / 12362
  2020-06: 2400 / 11581
  2020-07: 2400 / 12001
  2020-08: 2400 / 11902
  2020-09: 2400 / 9838
  2020-10: 2400 / 10879
  2020-11: 2400 / 12187
  2020-12: 2400 / 12263
  2021-01: 2400 / 11741
  2021-02: 2400 / 12724
  2021-03: 2400 / 12634
  2021-04: 2400 / 12743
  2021-05: 2400 / 12861
  2021-06: 2400 / 12730
  2021-07: 2400 / 12900
  2021-08: 2400 / 13942
  2021-09: 2400 / 13210
  2021-10: 2400 / 13377
  2021-11: 2400 / 14056
  2021-12: 2400 / 14079
  2022-01: 2400 / 19905
  2022-02: 2400 / 22212
  2022-03: 2400 / 21978
  2022-04: 2400 / 20875
  2022-05: 2400 / 23349
  2022-06: 2400 / 21059
  2022-07: 2400 / 22258
  2022-08: 2400 / 24605
  2022-09: 2400 / 20936
  2022-10: 2400 / 21680
  2022-11: 2400 / 20283
  2022-12: 2400 / 17946
  2023-01: 2400 / 21453
  2023-02: 2400 / 24951
  2023-03: 2400 / 25537
  2023-04: 2400 / 27886
  2023-05: 2400 / 32083
  2023-06: 2400 / 26393
  2023-07: 2400 / 46581
  2023-08: 2400 / 78424
  2023-09: 2400 / 72306
  2023-10: 2400 / 81492
  2023-11: 2400 / 86334
  2023-12: 2400 / 366780
SUBSET_DONE
