reading local file /dev/stdin
  1M rows | 749s | kept=455669
  2M rows | 1859s | kept=586752
  3M rows | 2316s | kept=599896
  4M rows | 2323s | kept=599896
  5M rows | 2361s | kept=604800
  6M rows | 2365s | kept=604800
  7M rows | 2368s | kept=604800
  8M rows | 2370s | kept=604800
  9M rows | 2373s | kept=604800
  10M rows | 2376s | kept=604800
  11M rows | 2379s | kept=604800
  12M rows | 2381s | kept=604800
  13M rows | 2385s | kept=604800
  14M rows | 2388s | kept=604800
  15M rows | 2391s | kept=604800

TOTAL selected: 604800 from 15549299 rows in 41.8 min (seed=42, per_month=7200)
per-month  selected/available:
  2017-01: 7200 / 12347
  2017-02: 7200 / 13461
  2017-03: 7200 / 14273
  2017-04: 7200 / 13118
  2017-05: 7200 / 15118
  2017-06: 7200 / 13840
  2017-07: 7200 / 14533
  2017-08: 7200 / 16274
  2017-09: 7200 / 13805
  2017-10: 7200 / 16949
  2017-11: 7200 / 17083
  2017-12: 7200 / 14222
  2018-01: 7200 / 15580
  2018-02: 7200 / 14224
  2018-03: 7200 / 13524
  2018-04: 7200 / 13932
  2018-05: 7200 / 15673
  2018-06: 7200 / 13982
  2018-07: 7200 / 14031
  2018-08: 7200 / 16040
  2018-09: 7200 / 13335
  2018-10: 7200 / 16871
  2018-11: 7200 / 15145
  2018-12: 7200 / 13593
  2019-01: 7200 / 15677
  2019-02: 7200 / 16984
  2019-03: 7200 / 15922
  2019-04: 7200 / 10986
  2019-05: 7200 / 7410
  2019-06: 7200 / 7392
  2019-07: 7200 / 8259
  2019-08: 7200 / 8769
  2019-09: 7200 / 7914
  2019-10: 7200 / 9418
  2019-11: 7200 / 8991
  2019-12: 7200 / 7787
  2020-01: 7200 / 7327
  2020-02: 7200 / 8611
  2020-03: 7200 / 9782
  2020-04: 7200 / 12207
  2020-05: 7200 / 12362
  2020-06: 7200 / 11581
  2020-07: 7200 / 12001
  2020-08: 7200 / 11902
  2020-09: 7200 / 9838
  2020-10: 7200 / 10879
  2020-11: 7200 / 12187
  2020-12: 7200 / 12263
  2021-01: 7200 / 11741
  2021-02: 7200 / 12724
  2021-03: 7200 / 12634
  2021-04: 7200 / 12743
  2021-05: 7200 / 12861
  2021-06: 7200 / 12730
  2021-07: 7200 / 12900
  2021-08: 7200 / 13942
  2021-09: 7200 / 13210
  2021-10: 7200 / 13377
  2021-11: 7200 / 14056
  2021-12: 7200 / 14079
  2022-01: 7200 / 19905
  2022-02: 7200 / 22212
  2022-03: 7200 / 21978
  2022-04: 7200 / 20875
  2022-05: 7200 / 23349
  2022-06: 7200 / 21059
  2022-07: 7200 / 22258
  2022-08: 7200 / 24605
  2022-09: 7200 / 20936
  2022-10: 7200 / 21680
  2022-11: 7200 / 20283
  2022-12: 7200 / 17946
  2023-01: 7200 / 21453
  2023-02: 7200 / 24951
  2023-03: 7200 / 25537
  2023-04: 7200 / 27886
  2023-05: 7200 / 32083
  2023-06: 7200 / 26393
  2023-07: 7200 / 46581
  2023-08: 7200 / 78424
  2023-09: 7200 / 72306
  2023-10: 7200 / 81492
  2023-11: 7200 / 86334
  2023-12: 7200 / 366780
SUBSET_DONE
